[backblue.gif]
[fade.gif]
[index.html]
[cdn.nba.com/user-consent/index-gam.min.js]
[www.nba.com/site-manifest.json]
[www.nba.com/theme-loader.js]
[www.nba.com/favicon.ico]
[www.nba.com/favicon-32x32.png]
[www.nba.com/favicon-16x16.png]
[www.nba.com/apple-touch-icon.png]
[www.nba.com/_next/static/chunks/polyfills-c67a75d1b6f99dc8.js]
[www.nba.com/_next/static/chunks/webpack-ad5cb5e612bebe77.js]
[www.nba.com/_next/static/chunks/framework-6a24ea55bfe2d3c0.js]
[www.nba.com/_next/static/chunks/main-4e365c0ea722d251.js]
[www.nba.com/_next/static/chunks/pages/_app-493f8583564adf26.js]
[www.nba.com/_next/static/chunks/99940-3f422e097a2446c4.js]
[www.nba.com/_next/static/chunks/41470-83ae1d84c0d8f761.js]
[www.nba.com/_next/static/chunks/72378-c312b46194334a7f.js]
[www.nba.com/_next/static/chunks/56642-af9c8326b04710a3.js]
[www.nba.com/_next/static/chunks/84974-61b004be80eeca79.js]
[www.nba.com/_next/static/chunks/38800-e93f23dce65fc4e2.js]
[www.nba.com/_next/static/chunks/62058-4cc551feda222200.js]
[www.nba.com/_next/static/chunks/55244-8d102b3fb7d099df.js]
[www.nba.com/_next/static/chunks/12866-afbf8d9eedc0ff4e.js]
[www.nba.com/_next/static/chunks/15707-1865c441335e71c3.js]
[www.nba.com/_next/static/chunks/20592-5a32d8a4b6c043db.js]
[www.nba.com/_next/static/chunks/84934-d5c6736757b2c811.js]
[www.nba.com/_next/static/chunks/2139-4229afeece3801f3.js]
[www.nba.com/_next/static/chunks/52333-36387d01fd2681ef.js]
[www.nba.com/_next/static/chunks/90659-4b77e1a9a3e3ca06.js]
[www.nba.com/_next/static/chunks/59380-e3b06bfb0427db9e.js]
[www.nba.com/_next/static/chunks/45963-76de0cb5893abb47.js]
[www.nba.com/_next/static/chunks/35913-67224ebbc5208264.js]
[www.nba.com/_next/static/chunks/60805-1774db8dd968c6a1.js]
[www.nba.com/_next/static/chunks/33951-283e30b1439d0d4b.js]
[www.nba.com/_next/static/chunks/42346-16549e6268743e29.js]
[www.nba.com/_next/static/chunks/13300-2310a4c539def3cb.js]
[www.nba.com/_next/static/chunks/79129-0564b3994fb791e3.js]
[www.nba.com/_next/static/chunks/6210-d6f56934bc5d65ae.js]
[www.nba.com/_next/static/chunks/pages/[[...root]]-fcd8e2a4b3b62587.js]
[www.nba.com/_next/static/zKP4h8wEbBetzcxy2qJ5f/_buildManifest.js]
[www.nba.com/_next/static/zKP4h8wEbBetzcxy2qJ5f/_ssgManifest.js]
[www.nba.com/akam/13/5da709b7]
[securepubads.g.doubleclick.net/tag/js/f.txt]
[tags.nba.com/nba-web/prod/utag.js]
[www.nba.com/index.html]
[www.nba.com/safari-pinned-tab.svg]
[www.nba.com/_next/static/css/91a6753dacb10bba.css]
[www.nba.com/_next/static/css/9162e13c7ac38779.css]
[www.nba.com/_next/static/css/158de827fd463d06.css]
[www.nba.com/_next/static/css/39c5984dfb366012.css]
[www.nba.com/_next/static/css/7cae9e730b465e02.css]
[www.nba.com/_next/static/css/a0a66a96fd069c57.css]
[www.nba.com/_next/static/css/df0808ed829def42.css]
[www.nba.com/_next/static/css/da821ec12a94e0ec.css]
[www.nba.com/_next/static/css/c26044f33d4e692e.css]
[cdn.nba.com/logos/leagues/logo-nba.svg]
[www.nba.com/games.html]
[cdn.nba.com/manage/2026/02/NBA_LP_2880x120_ASW_np_COURTSIDE_SIGN_UP_NOW-scaled.jpg]
[cdn.nba.com/manage/2026/02/Clippers_Wolves_1920x1080.jpg]
[cdn.nba.com/manage/2026/02/16x9-SquareSafezone-1-1.jpg]
[cdn.nba.com/manage/2026/02/Knicks_Celtics_1920x1080.jpg]
[cdn.nba.com/manage/2026/02/shaq-nash-020726-scaled.jpg]
[cdn.nba.com/manage/2026/02/cade-iso-020626-scaled.jpg]
[cdn.nba.com/manage/2026/02/Nightly_Recap_020826.jpg]
[cdn.nba.com/manage/2026/02/Top5_020826.jpg]
[cdn.nba.com/manage/2026/02/POTN_Kawhi_Leonard_020826.jpg]
[cdn.nba.com/manage/2026/02/Brunson_vsCeltics_1920x1080.jpg]
[cdn.nba.com/manage/2026/02/BadBunny_Celeb_Game_1920x1080.jpg]
[cdn.nba.com/manage/2026/02/Harden_Cavs_1920x1080.jpg]
[cdn.nba.com/manage/2026/02/GettyImages-2259884746-scaled-e1770522959138.jpg]
[cdn.nba.com/manage/2026/02/KD_1920x1080.jpg]
[cdn.nba.com/manage/2026/02/cade-iso-020526-scaled.jpg]
[cdn.nba.com/manage/2026/02/GettyImages-2260307011-scaled-e1770442257105.jpg]
[cdn.nba.com/manage/2026/02/luka1.jpg]
[cdn.nba.com/manage/2026/02/GettyImages_Harden_0203.jpg]
[cdn.nba.com/manage/2026/01/GettyImages_harden.jpg]
[cdn.nba.com/manage/2026/02/adavis1.jpg]
[cdn.nba.com/manage/2026/02/jackson1.jpg]
[cdn.nba.com/manage/2026/02/GettyImages-2248353466-scaled-e1770236600787.jpg]
[cdn.nba.com/manage/2026/02/zubac1-scaled.jpg]
[cdn.nba.com/manage/2026/02/dosunmu2.jpg]
[cdn.nba.com/manage/2026/02/alvarado1.jpg]
[cdn.nba.com/manage/2026/01/Kings_Keon_Ellis_1920x1080.jpg]
[cdn.nba.com/manage/2026/02/kuminga2.jpg]
[cdn.nba.com/manage/2026/02/chris-paul1.jpg]
[cdn.nba.com/manage/2026/02/huerter-iso.jpg]
[cdn.nba.com/manage/2026/02/mccain1.jpg]
[cdn.nba.com/manage/2026/02/lonzo-ball-2.jpg]
[cdn.nba.com/manage/2026/02/tyus-jones1.jpg]
[cdn.nba.com/manage/2026/02/kennard1.jpg]
[cdn.nba.com/manage/2026/02/eric-gordon1.jpg]
[cdn.nba.com/manage/2026/02/Vit_Krejci_1920x1080.jpg]
[cdn.nba.com/manage/2026/02/cole-anthony2-1.jpg]
[cdn.nba.com/manage/2026/02/harden-iso-020326-scaled.jpg]
[cdn.nba.com/manage/2026/02/LAC_MIN_RECAP_020826.jpg]
[cdn.nba.com/manage/2026/02/IND_TOR_RECAP_020826.jpg]
[cdn.nba.com/manage/2026/02/MIA_WAS_RECAP_020826.jpg]
[cdn.nba.com/manage/2026/02/NYK_BOS_RECAP_020826.jpg]
[cdn.nba.com/manage/2026/02/MEM_POR_RECAP_02072026.jpg]
[cdn.nba.com/manage/2026/02/CLE_SAC__RECAP_02072026-1.jpg]
[cdn.nba.com/manage/2026/02/PHI_PHX_RECAP_02072026.jpg]
[cdn.nba.com/manage/2026/02/DEN.CHI_RECAP_02072026-1.jpg]
[cdn.nba.com/manage/2026/02/GSW_LAL_RECAP_02072026-1.jpg]
[cdn.nba.com/manage/2026/02/UTA_ORL_RECAP_02072026-1.jpg]
[cdn.nba.com/manage/2026/02/GettyImages-1212111851-scaled-e1770426780813.jpg]
[cdn.nba.com/manage/2026/02/kobe-duncan.jpg]
[cdn.nba.com/manage/2024/06/harden-garland-1920-2205930469.jpg]
[cdn.nba.com/manage/2026/02/creator-cup-2026.jpg]
[cdn.nba.com/manage/2026/01/GettyImages-2257970750-scaled.jpg]
[cdn.nba.com/manage/2026/02/booker2.jpg]
[cdn.nba.com/manage/2026/02/wembyiso.jpg]
[cdn.nba.com/manage/2026/02/GettyImages_dgarland.jpg]
[cdn.nba.com/manage/2026/02/ASUnis.jpg]
[cdn.nba.com/manage/2026/02/16x9-SquareSafezone-8.jpg]
[cdn.nba.com/manage/2025/08/shai-gilgeous-alexander-nikola-jokic-1.jpg]
[cdn.nba.com/manage/2026/01/GettyImages-2254545890-scaled-e1768341774387.jpg]
[www.nba.com/_IiGs73x/4yV/hqS/QMU4r36q2Q/EtuSr63hbub7r13L/IjUxRBpiDAI/QTR-CDEV/a0UB]
[cdn.nba.com/next/fonts/ActionNBACond-Light-Web.eot]
[www.nba.com/_next/static/chunks/17659-2b0519598e382471.js]
[www.nba.com/_next/static/chunks/96741-7a46101a257bd1a1.js]
[www.nba.com/_next/static/chunks/84539-a048c372e176a07f.js]
[www.nba.com/_next/static/chunks/pages/games-974ffc81cb39fd8b.js]
[nbatickets.nba.com/feed/index.html]
[nbatickets.nba.com/comments/feed/index.html]
[tags.nba.com/nba-subdomain/prod/utag.js]
[ak-static.cms.nba.com/wp-content/themes/nba-tickets/img/favicon.ico]
[ak-static.cms.nba.com/wp-content/uploads/sites/51/2021/02/registrationteams2.jpg]
[ak-static.cms.nba.com/wp-content/uploads/sites/51/2021/10/nba-tickets-logo.png]
[ak-static.cms.nba.com/wp-content/uploads/sites/51/2022/08/nba-tickets-logoblue.jpg]
[ak-static.cms.nba.com/wp-content/uploads/sites/51/2022/08/menu.png]
[js.pulseinsights.com/surveys.js]
[ak-static.cms.nba.com/wp-content/uploads/sites/51/2023/11/brk_cirleicon-ball.png]
[ak-static.cms.nba.com/wp-content/uploads/sites/51/2022/07/lal_circleicon.jpg]
[ak-static.cms.nba.com/wp-content/uploads/sites/51/2021/02/mia_circleicon.jpg]
[ak-static.cms.nba.com/wp-content/uploads/sites/51/2022/07/gsw_circleicon.jpg]
[ak-static.cms.nba.com/wp-content/uploads/sites/51/2021/02/phx_circleicon.jpg]
[ak-static.cms.nba.com/wp-content/uploads/sites/51/2022/07/nyk_circleicon.jpg]
[ak-static.cms.nba.com/wp-content/uploads/sites/51/2022/07/tor_circleicon.jpg]
[ak-static.cms.nba.com/wp-content/uploads/sites/51/2021/08/mem_circleicon.png]
[ak-static.cms.nba.com/wp-content/uploads/sites/51/2021/08/sas_circleicon.png]
[ak-static.cms.nba.com/wp-content/uploads/sites/51/2025/08/lac_circleicon.png]
[ak-static.cms.nba.com/wp-content/uploads/sites/51/2021/02/seeall_circleicon.jpg]
[ak-static.cms.nba.com/wp-content/uploads/sites/51/2022/10/SingleGameTickets.png]
[ak-static.cms.nba.com/wp-content/uploads/sites/51/2026/01/asg-2026-nbatickets-tile.png]
[ak-static.cms.nba.com/wp-content/uploads/sites/51/2024/05/NBA-Experiences.png]
[ak-static.cms.nba.com/wp-content/uploads/sites/51/2024/10/Season-Tickets-Red-1.png]
[ak-static.cms.nba.com/wp-content/uploads/sites/51/2024/05/NBA-iD-2.png]
[ak-static.cms.nba.com/wp-content/uploads/sites/51/2025/12/970x90.jpg]
[www.nba.com/lakers/ticketsb276.html]
[www.nba.com/heat/tickets71f9.html]
[www.nba.com/bucks/tickets66f3.html]
